<?xml version="1.0"?>
<?xml-model href="https://pds.nasa.gov/pds4/pds/v1/PDS4_PDS_1F00.sch"
            schematypens="http://purl.oclc.org/dsdl/schematron"?>
<Product_Bundle xmlns="http://pds.nasa.gov/pds4/pds/v1"
                xmlns:pds="http://pds.nasa.gov/pds4/pds/v1"
                xmlns:xsi="http://www.w3.org/2001/XMLSchema-instance"
       xsi:schemaLocation="http://pds.nasa.gov/pds4/pds/v1 https://pds.nasa.gov/pds4/pds/v1/PDS4_PDS_1F00.xsd">

    <Identification_Area>
        <logical_identifier>urn:nasa:pds:hst_07885</logical_identifier>
        <version_id>1.0</version_id>
        <title>
            Uranus Nearing Equinox: Vertical Aerosol Distribution of Atmospheric Structure, HST Cycle 7 Program 7885, 1999.
        </title>
        <information_model_version>1.15.0.0</information_model_version>
        <product_class>Product_Bundle</product_class>
        <Citation_Information>
            <author_list>Heidi Hammel, Erich Karkoschka, Mark Marley</author_list>
            <publication_year>1999</publication_year>
            <doi>10.1/2</doi>
            <description>
                Heidi Hammel, Erich Karkoschka, Mark Marley, "Uranus Nearing Equinox:
                Vertical Aerosol Distribution of Atmospheric Structure", HST Cycle 7
                Program 7885, 1999.
            </description>
        </Citation_Information>
        <Modification_History>
            <Modification_Detail>
                <modification_date>2023-03-17</modification_date>
                <version_id>1.0</version_id>
                <description>
                    Initial PDS4 version
                </description>
            </Modification_Detail>
        </Modification_History>
    </Identification_Area>
    <Context_Area>
        <Time_Coordinates>
            <start_date_time>1998-08-05T01:26:05Z</start_date_time>
            <stop_date_time>1998-08-08T23:12:12Z</stop_date_time>
        </Time_Coordinates>
        <Primary_Result_Summary>
            <purpose>Science</purpose>
            <processing_level>Raw</processing_level>
            <description>
                NICMOS observations obtained by the HST Observing Program 7885.
            </description>
            <Science_Facets>
                <wavelength_range>Near Infrared</wavelength_range>
                <wavelength_range>Infrared</wavelength_range>
                <discipline_name>Ring-Moon Systems</discipline_name>
            </Science_Facets>
        </Primary_Result_Summary>
        <Investigation_Area>
            <name>HST observing program 7885</name>
            <type>Individual Investigation</type>
            <Internal_Reference>
                <lidvid_reference>urn:nasa:pds:context:investigation:individual.hst_07885::1.0</lidvid_reference>
                <reference_type>bundle_to_investigation</reference_type>
            </Internal_Reference>
        </Investigation_Area>
        <Observing_System>
            <Observing_System_Component>
                <name>Hubble Space Telescope</name>
                <type>Host</type>
                <Internal_Reference>
                    <lid_reference>urn:nasa:pds:context:instrument_host:spacecraft.hst</lid_reference>
                    <reference_type>is_instrument_host</reference_type>
                </Internal_Reference>
            </Observing_System_Component>
            <Observing_System_Component>
                <name>Near-Infrared Camera and Multi-Object Spectrometer</name>
                <type>Instrument</type>
                <Internal_Reference>
                    <lid_reference>urn:nasa:pds:context:instrument:hst.nicmos</lid_reference>
                    <reference_type>is_instrument</reference_type>
                </Internal_Reference>
            </Observing_System_Component>
        </Observing_System>
        <Target_Identification>
            <name>Uranus</name>
            <type>Planet</type>
            <description>
                NAIF ID: 799
            </description>
            <Internal_Reference>
                <lid_reference>urn:nasa:pds:context:target:planet.uranus</lid_reference>
                <reference_type>bundle_to_target</reference_type>
            </Internal_Reference>
        </Target_Identification>
    </Context_Area>
    <Reference_List>
        <Internal_Reference>
            <lid_reference>urn:nasa:pds:hst-support:document:nicmos-dhb</lid_reference>
            <reference_type>bundle_to_document</reference_type>
            <comment>The Data Handbook for NICMOS</comment>
        </Internal_Reference>
        <Internal_Reference>
            <lid_reference>urn:nasa:pds:hst-support:document:nicmos-ihb</lid_reference>
            <reference_type>bundle_to_document</reference_type>
            <comment>The Instrument Handbook for NICMOS</comment>
        </Internal_Reference>
    </Reference_List>
    <Bundle>
        <bundle_type>Archive</bundle_type>
    </Bundle>
    <Bundle_Member_Entry>
        <lidvid_reference>urn:nasa:pds:hst_07885:context::1.0</lidvid_reference>
        <member_status>Primary</member_status>
        <reference_type>bundle_has_context_collection</reference_type>
    </Bundle_Member_Entry>
    <Bundle_Member_Entry>
        <lidvid_reference>urn:nasa:pds:hst_07885:miscellaneous_nicmos_spt::1.0</lidvid_reference>
        <member_status>Primary</member_status>
        <reference_type>bundle_has_miscellaneous_collection</reference_type>
    </Bundle_Member_Entry>
    <Bundle_Member_Entry>
        <lidvid_reference>urn:nasa:pds:hst_07885:miscellaneous_nicmos_trl::1.0</lidvid_reference>
        <member_status>Primary</member_status>
        <reference_type>bundle_has_miscellaneous_collection</reference_type>
    </Bundle_Member_Entry>
    <Bundle_Member_Entry>
        <lidvid_reference>urn:nasa:pds:hst_07885:miscellaneous_nicmos_jif::1.0</lidvid_reference>
        <member_status>Primary</member_status>
        <reference_type>bundle_has_miscellaneous_collection</reference_type>
    </Bundle_Member_Entry>
    <Bundle_Member_Entry>
        <lidvid_reference>urn:nasa:pds:hst_07885:document::1.0</lidvid_reference>
        <member_status>Primary</member_status>
        <reference_type>bundle_has_document_collection</reference_type>
    </Bundle_Member_Entry>
    <Bundle_Member_Entry>
        <lidvid_reference>urn:nasa:pds:hst_07885:miscellaneous_nicmos_jit::1.0</lidvid_reference>
        <member_status>Primary</member_status>
        <reference_type>bundle_has_miscellaneous_collection</reference_type>
    </Bundle_Member_Entry>
    <Bundle_Member_Entry>
        <lidvid_reference>urn:nasa:pds:hst_07885:schema::1.0</lidvid_reference>
        <member_status>Primary</member_status>
        <reference_type>bundle_has_schema_collection</reference_type>
    </Bundle_Member_Entry>
    <Bundle_Member_Entry>
        <lidvid_reference>urn:nasa:pds:hst_07885:browse_nicmos_cal::1.0</lidvid_reference>
        <member_status>Primary</member_status>
        <reference_type>bundle_has_browse_collection</reference_type>
    </Bundle_Member_Entry>
    <Bundle_Member_Entry>
        <lidvid_reference>urn:nasa:pds:hst_07885:data_nicmos_ima::1.0</lidvid_reference>
        <member_status>Primary</member_status>
        <reference_type>bundle_has_data_collection</reference_type>
    </Bundle_Member_Entry>
    <Bundle_Member_Entry>
        <lidvid_reference>urn:nasa:pds:hst_07885:browse_nicmos_raw::1.0</lidvid_reference>
        <member_status>Primary</member_status>
        <reference_type>bundle_has_browse_collection</reference_type>
    </Bundle_Member_Entry>
</Product_Bundle>
