<?xml version="1.0"?>
<?xml-model href="https://pds.nasa.gov/pds4/pds/v1/PDS4_PDS_1F00.sch"
    schematypens="http://purl.oclc.org/dsdl/schematron"?>
<Product_Collection xmlns="http://pds.nasa.gov/pds4/pds/v1"
                xmlns:pds="http://pds.nasa.gov/pds4/pds/v1"
                xmlns:xsi="http://www.w3.org/2001/XMLSchema-instance"
       xsi:schemaLocation="http://pds.nasa.gov/pds4/pds/v1
                                    https://pds.nasa.gov/pds4/pds/v1/PDS4_PDS_1F00.xsd">

    <Identification_Area>
        <logical_identifier>urn:nasa:pds:hst_07885:data_nicmos_cal</logical_identifier>
        <version_id>1.0</version_id>
        <title>Calibrated NICMOS "_cal" image files from HST Program 7885.</title>
        <information_model_version>1.15.0.0</information_model_version>
        <product_class>Product_Collection</product_class>
        <Citation_Information>
            <author_list>Heidi Hammel, Erich Karkoschka, Mark Marley</author_list>
            <publication_year>1999</publication_year>
            <description>
                Heidi Hammel, Erich Karkoschka, Mark Marley, "Uranus Nearing Equinox:
                Vertical Aerosol Distribution of Atmospheric Structure", HST Cycle 7
                Program 7885, 1999.
            </description>
        </Citation_Information>
        <Modification_History>
            <Modification_Detail>
                <modification_date>2023-03-17</modification_date>
                <version_id>1.0</version_id>
                <description>
                    Initial PDS4 version
                </description>
            </Modification_Detail>
        </Modification_History>
    </Identification_Area>
    <Context_Area>
        <Time_Coordinates>
            <start_date_time>1998-08-05T01:26:05Z</start_date_time>
            <stop_date_time>1998-08-05T03:02:11Z</stop_date_time>
        </Time_Coordinates>
        <Primary_Result_Summary>
            <purpose>Science</purpose>
            <processing_level>Calibrated</processing_level>
            <description>
                Calibrated NICMOS "_cal" image files from HST Program 7885.
            </description>
            <Science_Facets>
                <wavelength_range>Near Infrared</wavelength_range>
                <wavelength_range>Infrared</wavelength_range>
                <discipline_name>Ring-Moon Systems</discipline_name>
            </Science_Facets>
        </Primary_Result_Summary>
        <Investigation_Area>
            <name>HST observing program 7885</name>
            <type>Individual Investigation</type>
            <Internal_Reference>
                <lidvid_reference>urn:nasa:pds:context:investigation:individual.hst_07885::1.0</lidvid_reference>
                <reference_type>collection_to_investigation</reference_type>
            </Internal_Reference>
        </Investigation_Area>
        <Observing_System>
            <Observing_System_Component>
                <name>Hubble Space Telescope</name>
                <type>Host</type>
                <Internal_Reference>
                    <lid_reference>urn:nasa:pds:context:instrument_host:spacecraft.hst</lid_reference>
                    <reference_type>is_instrument_host</reference_type>
                </Internal_Reference>
            </Observing_System_Component>
            <Observing_System_Component>
                <name>Near-Infrared Camera and Multi-Object Spectrometer</name>
                <type>Instrument</type>
                <Internal_Reference>
                    <lid_reference>urn:nasa:pds:context:instrument:hst.nicmos</lid_reference>
                    <reference_type>is_instrument</reference_type>
                </Internal_Reference>
            </Observing_System_Component>
        </Observing_System>
        <Target_Identification>
            <name>Uranus</name>
            <type>Planet</type>
            <description>
                NAIF ID: 799
            </description>
            <Internal_Reference>
                <lid_reference>urn:nasa:pds:context:target:planet.uranus</lid_reference>
                <reference_type>collection_to_target</reference_type>
            </Internal_Reference>
        </Target_Identification>
    </Context_Area>
    <Reference_List>
        <Internal_Reference>
            <lid_reference>urn:nasa:pds:hst-support:document:nicmos-dhb</lid_reference>
            <reference_type>collection_to_document</reference_type>
            <comment>The Data Handbook for NICMOS</comment>
        </Internal_Reference>
        <Internal_Reference>
            <lid_reference>urn:nasa:pds:hst-support:document:nicmos-ihb</lid_reference>
            <reference_type>collection_to_document</reference_type>
            <comment>The Instrument Handbook for NICMOS</comment>
        </Internal_Reference>
    </Reference_List>
    <Collection>
        <collection_type>Data</collection_type>
    </Collection>
    <File_Area_Inventory>
        <File>
            <file_name>collection_data_nicmos_cal.csv</file_name>
        </File>
        <Inventory>
            <offset unit="byte">0</offset>
            <parsing_standard_id>PDS DSV 1</parsing_standard_id>
            <records>3</records>
            <record_delimiter>Carriage-Return Line-Feed</record_delimiter>
            <field_delimiter>Comma</field_delimiter>
            <Record_Delimited>
            <fields>2</fields>
            <groups>0</groups>
            <Field_Delimited>
                <name>Member Status</name>
                <field_number>1</field_number>
                <data_type>ASCII_String</data_type>
                <maximum_field_length unit="byte">1</maximum_field_length>
            </Field_Delimited>
            <Field_Delimited>
                <name>LIDVID_LID</name>
                <field_number>2</field_number>
                <data_type>ASCII_LIDVID_LID</data_type>
                <maximum_field_length unit="byte">255</maximum_field_length>
            </Field_Delimited>
            </Record_Delimited>
            <reference_type>inventory_has_member_product</reference_type>
        </Inventory>
    </File_Area_Inventory>
</Product_Collection>
