<?xml version="1.0"?>
<?xml-model href="https://pds.nasa.gov/pds4/pds/v1/PDS4_PDS_1F00.sch"
    schematypens="http://purl.oclc.org/dsdl/schematron"?>
<Product_Collection xmlns="http://pds.nasa.gov/pds4/pds/v1"
                xmlns:pds="http://pds.nasa.gov/pds4/pds/v1"
                xmlns:xsi="http://www.w3.org/2001/XMLSchema-instance"
       xsi:schemaLocation="http://pds.nasa.gov/pds4/pds/v1
                                    https://pds.nasa.gov/pds4/pds/v1/PDS4_PDS_1F00.xsd">

    <Identification_Area>
        <logical_identifier>urn:nasa:pds:hst_07885:context</logical_identifier>
        <version_id>1.0</version_id>
        <title>
            Context collection of NICMOS observations obtained from HST Observing Program 7885.
        </title>
        <information_model_version>1.15.0.0</information_model_version>
        <product_class>Product_Collection</product_class>
        <Citation_Information>
            <author_list>Heidi Hammel, Erich Karkoschka, Mark Marley</author_list>
            <publication_year>1999</publication_year>
            <description>
                Heidi Hammel, Erich Karkoschka, Mark Marley, "Uranus Nearing Equinox:
                Vertical Aerosol Distribution of Atmospheric Structure", HST Cycle 7
                Program 7885, 1999.
            </description>
        </Citation_Information>
        <Modification_History>
            <Modification_Detail>
                <modification_date>2023-03-17</modification_date>
                <version_id>1.0</version_id>
                <description>
                    Initial PDS4 version
                </description>
            </Modification_Detail>
        </Modification_History>
    </Identification_Area>
    <Collection>
        <collection_type>Context</collection_type>
    </Collection>
    <File_Area_Inventory>
        <File>
            <file_name>collection_context.csv</file_name>
        </File>
        <Inventory>
            <offset unit="byte">0</offset>
            <parsing_standard_id>PDS DSV 1</parsing_standard_id>
            <records>4</records>
            <record_delimiter>Carriage-Return Line-Feed</record_delimiter>
            <field_delimiter>Comma</field_delimiter>
            <Record_Delimited>
                <fields>2</fields>
                <groups>0</groups>
                <Field_Delimited>
                    <name>Member Status</name>
                    <field_number>1</field_number>
                    <data_type>ASCII_String</data_type>
                    <maximum_field_length unit="byte">1</maximum_field_length>
                </Field_Delimited>
                <Field_Delimited>
                    <name>LIDVID_LID</name>
                    <field_number>2</field_number>
                    <data_type>ASCII_LIDVID_LID</data_type>
                    <maximum_field_length unit="byte">255</maximum_field_length>
                </Field_Delimited>
            </Record_Delimited>
            <reference_type>inventory_has_member_product</reference_type>
        </Inventory>
    </File_Area_Inventory>
</Product_Collection>
