<?xml version="1.0"?>
<?xml-model href="https://pds.nasa.gov/pds4/pds/v1/PDS4_PDS_1F00.sch"
    schematypens="http://purl.oclc.org/dsdl/schematron"?>
<?xml-model href="https://pds.nasa.gov/pds4/mission/hst/v1/PDS4_HST_1D00_1000.sch"
    schematypens="http://purl.oclc.org/dsdl/schematron"?>
<Product_Document xmlns="http://pds.nasa.gov/pds4/pds/v1"
              xmlns:pds="http://pds.nasa.gov/pds4/pds/v1"
              xmlns:xsi="http://www.w3.org/2001/XMLSchema-instance"
     xsi:schemaLocation="http://pds.nasa.gov/pds4/pds/v1
                         https://pds.nasa.gov/pds4/pds/v1/PDS4_PDS_1F00.xsd">

    <Identification_Area>
        <logical_identifier>urn:nasa:pds:hst_07885:document:07885</logical_identifier>
        <version_id>1.0</version_id>
        <title>Summary of the observation plan for HST proposal 7885</title>
        <information_model_version>1.15.0.0</information_model_version>
        <product_class>Product_Document</product_class>
        <Citation_Information>
            <author_list>Heidi Hammel, Erich Karkoschka, Mark Marley</author_list>
            <publication_year>1999</publication_year>
            <description>
                Heidi Hammel, Erich Karkoschka, Mark Marley, "Uranus Nearing Equinox:
                Vertical Aerosol Distribution of Atmospheric Structure", HST Cycle 7
                Program 7885, 1999.
            </description>
        </Citation_Information>
    </Identification_Area>
    <Reference_List>
        <Internal_Reference>
            <lidvid_reference>urn:nasa:pds:context:investigation:individual.hst_07885::1.0</lidvid_reference>
            <reference_type>document_to_investigation</reference_type>
        </Internal_Reference>
    </Reference_List>
    <Document>
        <publication_date>2023-03-17</publication_date>
        <Document_Edition>
            <edition_name>0.0</edition_name>
            <language>English</language>
            <files>0</files>
        </Document_Edition>
    </Document>
</Product_Document>
